'''0-add-integer module'''
testing add-integer function
>>> add_integer = __import__("0-add_integer").add_integer
>>> add_integer(20, [20])
Traceback (most recent call last):
...
TypeError: b must be an integer
>>> add_integer(20, 12.5)
32
>>> add_integer(12, -2)
10
>>> add_integer(13.2, -4)
9
>>> add_integer(5)
103
>>> add_integer(1e300, 1e3000)
Traceback (most recent call last):
	...
OverflowError: cannot convert float infinity to integer
>>> add_integer(3.4, None)
Traceback (most recent call last):
	...
TypeError: b must be an integer
>>> add_integer("hello")
Traceback (most recent call last):
...
TypeError: a must be an integer
